###############################################################################
#
# IAR ELF Linker V2.20.1.176 for STM8                     29/Aug/2017  09:48:33
# Copyright 2010-2015 IAR Systems AB.
#
#    Output file  =  
#        F:\stm8_charge\wireless_test_new\project\Debug\Exe\wireless_test.out
#    Map file     =  
#        F:\stm8_charge\wireless_test_new\project\Debug\List\wireless_test.map
#    Command line =  
#        F:\stm8_charge\wireless_test_new\project\Debug\Obj\main.o --redirect
#        _Printf=_PrintfFullNoMb --redirect _Scanf=_ScanfFullNoMb -o
#        F:\stm8_charge\wireless_test_new\project\Debug\Exe\wireless_test.out
#        --map
#        F:\stm8_charge\wireless_test_new\project\Debug\List\wireless_test.map
#        --config "E:\Embedded Workbench 7.3\stm8\config\lnkstm8s903k3.icf"
#        --config_def _CSTACK_SIZE=0x100 --config_def _HEAP_SIZE=0x100 --entry
#        __iar_program_start --debug_lib
#
###############################################################################

*******************************************************************************
*** RUNTIME MODEL ATTRIBUTES
***

__SystemLibrary            = DLib
__code_model               = small
__core                     = stm8
__data_model               = medium
__dlib_file_descriptor     = 0
__dlib_full_locale_support = 0
__rt_version               = 4


*******************************************************************************
*** PLACEMENT SUMMARY
***

"A1":  place at start of [0x000000-0x0000ff] { rw section .vregs };
"A2":  place at end of [0x000000-0x0003ff] { block CSTACK };
"P2":  place in [from 0x000000 to 0x0003ff] {
          block HEAP, rw section __DLIB_PERTHREAD, rw section .far.bss,
          rw section .far.data, rw section .far.noinit,
          rw section .far_func.textrw, rw section .huge.bss,
          rw section .huge.data, rw section .huge.noinit,
          rw section .huge_func.textrw, rw section .iar.dynexit,
          rw section .near.bss, rw section .near.data, rw section .near.noinit,
          rw section .near_func.textrw };
"A3":  place at start of [0x008000-0x009fff] { block INTVEC };
"P3":  place in [from 0x008000 to 0x009fff] {
          ro section __DLIB_PERTHREAD_init, ro section .far.data_init,
          ro section .far_func.textrw_init, ro section .huge.data_init,
          ro section .huge_func.textrw_init, ro section .iar.init_table,
          ro section .init_array, ro section .near.data_init,
          ro section .near.rodata, ro section .near_func.text,
          ro section .near_func.textrw_init, ro section .tiny.data_init,
          ro section .tiny.rodata_init };

  Section          Kind      Address   Size  Object
  -------          ----      -------   ----  ------
"A1":                                   0xc
  .vregs           uninit   0x000000    0xc  vregs.o [4]
                          - 0x00000c    0xc

"P2":                                   0x7
  .near.bss        zero     0x00000c    0x1  main.o [1]
  .near.bss        zero     0x00000d    0x1  main.o [1]
  .near.bss        zero     0x00000e    0x1  main.o [1]
  .near.bss        zero     0x00000f    0x1  main.o [1]
  .near.bss        zero     0x000010    0x1  main.o [1]
  .near.bss        zero     0x000011    0x1  main.o [1]
  .near.bss        zero     0x000012    0x1  main.o [1]
                          - 0x000013    0x7

"A2":                                 0x100
  CSTACK                    0x000300  0x100  <Block>
    CSTACK         uninit   0x000300  0x100  <Block tail>
                          - 0x000400  0x100

Absolute sections, part 1 of 10:        0x1
  .near.noinit     uninit   0x005005    0x1  main.o [1]
                          - 0x005006    0x1

Absolute sections, part 2 of 10:        0x3
  .near.noinit     uninit   0x005007    0x1  main.o [1]
  .near.noinit     uninit   0x005008    0x1  main.o [1]
  .near.noinit     uninit   0x005009    0x1  main.o [1]
                          - 0x00500a    0x3

Absolute sections, part 3 of 10:        0x1
  .near.noinit     uninit   0x00500f    0x1  main.o [1]
                          - 0x005010    0x1

Absolute sections, part 4 of 10:        0x3
  .near.noinit     uninit   0x005011    0x1  main.o [1]
  .near.noinit     uninit   0x005012    0x1  main.o [1]
  .near.noinit     uninit   0x005013    0x1  main.o [1]
                          - 0x005014    0x3

Absolute sections, part 5 of 10:        0x3
  .near.noinit     uninit   0x00505a    0x1  main.o [1]
  .near.noinit     uninit   0x00505b    0x1  main.o [1]
  .near.noinit     uninit   0x00505c    0x1  main.o [1]
                          - 0x00505d    0x3

Absolute sections, part 6 of 10:        0x1
  .near.noinit     uninit   0x00505f    0x1  main.o [1]
                          - 0x005060    0x1

Absolute sections, part 7 of 10:        0x1
  .near.noinit     uninit   0x005064    0x1  main.o [1]
                          - 0x005065    0x1

Absolute sections, part 8 of 10:        0x1
  .near.noinit     uninit   0x0050c6    0x1  main.o [1]
                          - 0x0050c7    0x1

Absolute sections, part 9 of 10:        0x1
  .near.noinit     uninit   0x005255    0x1  main.o [1]
                          - 0x005256    0x1

Absolute sections, part 10 of 10:       0x2
  .near.noinit     uninit   0x005401    0x1  main.o [1]
  .near.noinit     uninit   0x005402    0x1  main.o [1]
                          - 0x005403    0x2

"A3":                                  0x80
  INTVEC                    0x008000   0x80  <Block>
    .intvec        const    0x008000   0x80  interrupt.o [4]
                          - 0x008080   0x80

"P3":                                 0x187
  .near_func.text  ro code  0x008080   0x68  main.o [1]
  .near_func.text  ro code  0x0080e8   0x50  main.o [1]
  .iar.init_table  const    0x008138    0x8  - Linker created -
  .near_func.text  ro code  0x008140   0x1e  init_small.o [4]
  .near_func.text  ro code  0x00815e   0x19  main.o [1]
  .near_func.text  ro code  0x008177   0x18  vreg_util.o [4]
  .near_func.text  ro code  0x00818f   0x17  init.o [4]
  .near_func.text  ro code  0x0081a6   0x14  __dbg_xxexit.o [3]
  .near_func.text  ro code  0x0081ba   0x13  cstartup.o [4]
  .near_func.text  ro code  0x0081cd    0xa  main.o [1]
  .near_func.text  ro code  0x0081d7    0xa  main.o [1]
  .near_func.text  ro code  0x0081e1    0xa  main.o [1]
  .near_func.text  ro code  0x0081eb    0xa  main.o [1]
  .near_func.text  ro code  0x0081f5    0x5  cexit.o [4]
  .near_func.text  ro code  0x0081fa    0x3  interrupt.o [4]
  .near_func.text  ro code  0x0081fd    0x3  low_level_init.o [4]
  .near_func.text  ro code  0x008200    0x3  exit.o [4]
  .near_func.text  ro code  0x008203    0x3  unhandled_exception.o [4]
  .near_func.text  ro code  0x008206    0x1  __dbg_break.o [3]
                          - 0x008207  0x187


*******************************************************************************
*** INIT TABLE
***

          Address   Size
          -------   ----
Zero (__iar_zero_init2)
    1 destination range, total size 0x7:
          0x00000c   0x7



*******************************************************************************
*** MODULE SUMMARY
***

    Module                 ro code  ro data  rw data  rw data
                                                       (abs)
    ------                 -------  -------  -------  -------
F:\stm8_charge\wireless_test_new\project\Debug\Obj: [1]
    main.o                     249                 7       17
    ---------------------------------------------------------
    Total:                     249                 7       17

command line: [2]
    ---------------------------------------------------------
    Total:

dbgstm8smd.a: [3]
    __dbg_break.o                1
    __dbg_xxexit.o              20
    ---------------------------------------------------------
    Total:                      21

dlstm8smn.a: [4]
    cexit.o                      5
    cstartup.o                  19
    exit.o                       3
    init.o                      23
    init_small.o                30
    interrupt.o                  3      128
    low_level_init.o             3
    unhandled_exception.o        3
    vreg_util.o                 24
    vregs.o                                       12
    ---------------------------------------------------------
    Total:                     113      128       12

    Linker created                        8      256
-------------------------------------------------------------
    Grand Total:               383      136      275       17


*******************************************************************************
*** ENTRY LIST
***

Entry                    Address  Size  Type      Object
-----                    -------  ----  ----      ------
.iar.init_table$$Base   0x008138         --   Gb  - Linker created -
.iar.init_table$$Limit  0x008140         --   Gb  - Linker created -
?b0                     0x000000        Data  Gb  vregs.o [4]
?b1                     0x000001        Data  Gb  vregs.o [4]
?b10                    0x00000a        Data  Gb  vregs.o [4]
?b11                    0x00000b        Data  Gb  vregs.o [4]
?b2                     0x000002        Data  Gb  vregs.o [4]
?b3                     0x000003        Data  Gb  vregs.o [4]
?b4                     0x000004        Data  Gb  vregs.o [4]
?b5                     0x000005        Data  Gb  vregs.o [4]
?b6                     0x000006        Data  Gb  vregs.o [4]
?b7                     0x000007        Data  Gb  vregs.o [4]
?b8                     0x000008        Data  Gb  vregs.o [4]
?b9                     0x000009        Data  Gb  vregs.o [4]
?e0                     0x000001        Data  Gb  vregs.o [4]
?e1                     0x000005        Data  Gb  vregs.o [4]
?e2                     0x000009        Data  Gb  vregs.o [4]
?l0                     0x000000        Data  Gb  vregs.o [4]
?l1                     0x000004        Data  Gb  vregs.o [4]
?l2                     0x000008        Data  Gb  vregs.o [4]
?push_w4                0x008177        Code  Gb  vreg_util.o [4]
?w0                     0x000000        Data  Gb  vregs.o [4]
?w1                     0x000002        Data  Gb  vregs.o [4]
?w2                     0x000004        Data  Gb  vregs.o [4]
?w3                     0x000006        Data  Gb  vregs.o [4]
?w4                     0x000008        Data  Gb  vregs.o [4]
?w5                     0x00000a        Data  Gb  vregs.o [4]
ADC_FUNC                0x0081cd   0xa  Code  Gb  main.o [1]
Adc_Init                0x00808b  0x43  Code  Gb  main.o [1]
BUZZER_LED_FUNC         0x0081d7   0xa  Code  Gb  main.o [1]
CSTACK$$Base            0x000300         --   Gb  - Linker created -
CSTACK$$Limit           0x000400         --   Gb  - Linker created -
DISPLAY_FUNC            0x0081eb   0xa  Code  Gb  main.o [1]
EEP_Init                0x0080ce  0x1a  Code  Gb  main.o [1]
FLASH_DUKR              0x005064   0x1  Data  Gb  main.o [1]
Flag_AdcEvt             0x00000c   0x1  Data  Gb  main.o [1]
Flag_BuzEvt             0x00000f   0x1  Data  Gb  main.o [1]
Flag_DispEvt            0x00000d   0x1  Data  Gb  main.o [1]
Flag_KeyEvt             0x00000e   0x1  Data  Gb  main.o [1]
Fosc_Init               0x008080   0xb  Code  Gb  main.o [1]
INTVEC$$Base            0x008000         --   Gb  - Linker created -
INTVEC$$Limit           0x008080         --   Gb  - Linker created -
KEY_FUNC                0x0081e1   0xa  Code  Gb  main.o [1]
Region$$Table$$Base     0x008138         --   Gb  - Linker created -
Region$$Table$$Limit    0x008140         --   Gb  - Linker created -
TIM1_OVR_UIF            0x0080e8  0x50  Code  Gb  main.o [1]
_A_ADC_CR1              0x005401   0x1  Data  Gb  main.o [1]
_A_ADC_CR2              0x005402   0x1  Data  Gb  main.o [1]
_A_CLK_CKDIVR           0x0050c6   0x1  Data  Gb  main.o [1]
_A_FLASH_CR1            0x00505a   0x1  Data  Gb  main.o [1]
_A_FLASH_CR2            0x00505b   0x1  Data  Gb  main.o [1]
_A_FLASH_IAPSR          0x00505f   0x1  Data  Gb  main.o [1]
_A_FLASH_NCR2           0x00505c   0x1  Data  Gb  main.o [1]
_A_PB_CR1               0x005008   0x1  Data  Gb  main.o [1]
_A_PB_CR2               0x005009   0x1  Data  Gb  main.o [1]
_A_PB_DDR               0x005007   0x1  Data  Gb  main.o [1]
_A_PB_ODR               0x005005   0x1  Data  Gb  main.o [1]
_A_PD_CR1               0x005012   0x1  Data  Gb  main.o [1]
_A_PD_CR2               0x005013   0x1  Data  Gb  main.o [1]
_A_PD_DDR               0x005011   0x1  Data  Gb  main.o [1]
_A_PD_ODR               0x00500f   0x1  Data  Gb  main.o [1]
_A_TIM1_SR1             0x005255   0x1  Data  Gb  main.o [1]
__DebugBreak            0x008206   0x1  Code  Gb  __dbg_break.o [3]
__exit                  0x0081a6  0x14  Code  Gb  __dbg_xxexit.o [3]
__iar_data_init2        0x00818f  0x17  Code  Gb  init.o [4]
__iar_program_start     0x0081ba        Code  Gb  cstartup.o [4]
__iar_unhandled_exception
                        0x008203        Code  Gb  unhandled_exception.o [4]
__iar_zero_init2        0x008140        Code  Gb  init_small.o [4]
__intvec                0x008000        Data  Gb  interrupt.o [4]
__low_level_init        0x0081fd   0x3  Code  Gb  low_level_init.o [4]
_exit                   0x0081f5        Code  Gb  cexit.o [4]
_interrupt_13           0x0080e8        Code  Gb  main.o [1]
exit                    0x008200   0x3  Code  Gb  exit.o [4]
main                    0x00815e  0x19  Code  Gb  main.o [1]


[1] = F:\stm8_charge\wireless_test_new\project\Debug\Obj
[2] = command line
[3] = dbgstm8smd.a
[4] = dlstm8smn.a

  383 bytes of readonly  code memory
  136 bytes of readonly  data memory
  275 bytes of readwrite data memory (+ 17 absolute)

Errors: none
Warnings: none
